// Jest Snapshot v1, https://goo.gl/fbAQLP

exports[`Player tests renders snapshot 1`] = `
<DocumentFragment>
  <div
    class="row"
  >
    <img
      alt="Jesus"
      class="avatar"
      src="https://api.adorable.io/avatars/50/Jesus@adorable.png"
    />
    <span
      class="name"
    >
      Jesus
    </span>
  </div>
</DocumentFragment>
`;
