// Jest Snapshot v1, https://goo.gl/fbAQLP

exports[`PlayerList tests renders snapshot 1`] = `
<DocumentFragment>
  <div
    class="playerList"
  >
    <ul>
      <li
        class="player"
      >
        <div
          class="row"
        >
          <img
            alt="jesus"
            class="avatar"
            src="https://api.adorable.io/avatars/50/jesus@adorable.png"
          />
          <span
            class="name"
          >
            jesus
          </span>
        </div>
      </li>
      <li
        class="player"
      >
        <div
          class="row"
        >
          <img
            alt="rocio"
            class="avatar"
            src="https://api.adorable.io/avatars/50/rocio@adorable.png"
          />
          <span
            class="name"
          >
            rocio
          </span>
        </div>
      </li>
      <li
        class="player"
      >
        <div
          class="row"
        >
          <img
            alt="cris"
            class="avatar"
            src="https://api.adorable.io/avatars/50/cris@adorable.png"
          />
          <span
            class="name"
          >
            cris
          </span>
        </div>
      </li>
      <li
        class="player"
      >
        <div
          class="row"
        >
          <img
            alt="curro"
            class="avatar"
            src="https://api.adorable.io/avatars/50/curro@adorable.png"
          />
          <span
            class="name"
          >
            curro
          </span>
        </div>
      </li>
      <li
        class="playerInput"
      />
    </ul>
  </div>
</DocumentFragment>
`;
